C51 COMPILER V9.52.0.0   51KEILTEST                                                        11/20/2023 15:20:12 PAGE 1   


C51 COMPILER V9.52.0.0, COMPILATION OF MODULE 51KEILTEST
OBJECT MODULE PLACED IN 51KeilTest.OBJ
COMPILER INVOKED BY: C:\C51\BIN\C51.EXE 51KeilTest.c BROWSE DEBUG OBJECTEXTEND TABS(2)

line level    source

   1          #include <reg52.h>
   2          
   3          static void DelayNms(int num);
   4          sbit LED1 = P2^4;
   5          sbit LED2 = P2^5;
   6          sbit LED3 = P2^6;
   7          sbit LED4 = P2^7;
   8          
   9          void main()
  10          {
  11   1        while(1)
  12   1        {
  13   2          LED1=0;
  14   2          DelayNms(500);
  15   2          LED1=~LED1;
  16   2          
  17   2          LED2=0;
  18   2          DelayNms(500);
  19   2          LED2=~LED2;
  20   2          
  21   2          LED3=0;
  22   2          DelayNms(500);
  23   2          LED3=~LED3;
  24   2          
  25   2          LED4=0;
  26   2          DelayNms(500);
  27   2          LED4=~LED4;
  28   2        }
  29   1      }
  30          
  31          static void DelayNms(int nms)
  32          {
  33   1        unsigned int i,j;
  34   1        for(i=0;i<nms;i++)
  35   1        {
  36   2          for(j=0;j<123;j++)
  37   2           {
  38   3           }
  39   2        }
  40   1      }
  41            


MODULE INFORMATION:   STATIC OVERLAYABLE
   CODE SIZE        =     66    ----
   CONSTANT SIZE    =   ----    ----
   XDATA SIZE       =   ----    ----
   PDATA SIZE       =   ----    ----
   DATA SIZE        =   ----    ----
   IDATA SIZE       =   ----    ----
   BIT SIZE         =   ----    ----
END OF MODULE INFORMATION.


C51 COMPILATION COMPLETE.  0 WARNING(S),  0 ERROR(S)
