BL51 BANKED LINKER/LOCATER V6.22                                                        11/23/2023  19:14:21  PAGE 1


BL51 BANKED LINKER/LOCATER V6.22, INVOKED BY:
C:\C51\BIN\BL51.EXE Trst.obj TO Trst RAMSIZE (256)


MEMORY MODEL: SMALL


INPUT MODULES INCLUDED:
  Trst.obj (TRST)
  C:\C51\LIB\C51S.LIB (?C_STARTUP)


LINK MAP OF MODULE:  Trst (TRST)


            TYPE    BASE      LENGTH    RELOCATION   SEGMENT NAME
            -----------------------------------------------------

            * * * * * * *   D A T A   M E M O R Y   * * * * * * *
            REG     0000H     0008H     ABSOLUTE     "REG BANK 0"
            DATA    0008H     0001H     UNIT         _DATA_GROUP_
            IDATA   0009H     0001H     UNIT         ?STACK

            * * * * * * *   C O D E   M E M O R Y   * * * * * * *
            CODE    0000H     0003H     ABSOLUTE     
                    0003H     07FDH                  *** GAP ***
            CODE    0800H     0029H     UNIT         ?PR?MAIN?TRST
            CODE    0829H     0026H     UNIT         ?PR?_DELAYNMS?TRST
            CODE    084FH     0010H     UNIT         ?PR?FLASHLEDS?TRST
            CODE    085FH     000CH     UNIT         ?C_C51STARTUP



OVERLAY MAP OF MODULE:   Trst (TRST)


SEGMENT                          DATA_GROUP 
  +--> CALLED SEGMENT          START    LENGTH
----------------------------------------------
?C_C51STARTUP                  -----    -----
  +--> ?PR?MAIN?TRST

?PR?MAIN?TRST                  0008H    0001H
  +--> ?PR?_DELAYNMS?TRST
  +--> ?PR?FLASHLEDS?TRST

?PR?FLASHLEDS?TRST             -----    -----
  +--> ?PR?_DELAYNMS?TRST



SYMBOL TABLE OF MODULE:  Trst (TRST)

  VALUE           TYPE          NAME
  ----------------------------------

  -------         MODULE        TRST
  C:0000H         SYMBOL        _ICE_DUMMY_
BL51 BANKED LINKER/LOCATER V6.22                                                      11/23/2023  19:14:21  PAGE 2


  D:0090H         PUBLIC        P1
  D:00A0H         PUBLIC        P2
  D:00B0H         PUBLIC        P3
  D:00A8H         PUBLIC        IE
  D:00B8H         PUBLIC        IP
  B:00B0H.2       PUBLIC        KEY1
  C:0829H         SYMBOL        _DelayNms
  C:0800H         PUBLIC        main
  D:0098H         PUBLIC        SCON
  D:0088H         PUBLIC        TCON
  C:084FH         SYMBOL        FlashLEDs
  D:00C8H         PUBLIC        T2CON
  D:00D0H         PUBLIC        PSW
  -------         PROC          MAIN
  -------         DO            
  D:0008H         SYMBOL        functionState
  -------         ENDDO         
  C:0800H         LINE#         22
  C:0800H         LINE#         23
  C:0800H         LINE#         24
  C:0803H         LINE#         26
  C:0803H         LINE#         27
  C:0803H         LINE#         28
  C:0806H         LINE#         29
  C:0806H         LINE#         30
  C:080DH         LINE#         31
  C:0810H         LINE#         32
  C:0810H         LINE#         33
  C:0814H         LINE#         34
  C:0814H         LINE#         35
  C:0817H         LINE#         36
  C:0819H         LINE#         38
  C:0819H         LINE#         39
  C:081CH         LINE#         40
  C:081CH         LINE#         41
  C:081FH         LINE#         42
  C:081FH         LINE#         44
  C:081FH         LINE#         45
  C:081FH         LINE#         46
  C:081FH         LINE#         48
  C:0824H         LINE#         49
  C:0824H         LINE#         50
  C:0827H         LINE#         51
  C:0827H         LINE#         52
  -------         ENDPROC       MAIN
  -------         PROC          _DELAYNMS
  D:0006H         SYMBOL        nms
  -------         DO            
  D:0004H         SYMBOL        i
  D:0002H         SYMBOL        j
  -------         ENDDO         
  C:0829H         LINE#         55
  C:0829H         LINE#         56
  C:0829H         LINE#         58
  C:0839H         LINE#         59
  C:0839H         LINE#         60
  C:083CH         LINE#         61
BL51 BANKED LINKER/LOCATER V6.22                                                      11/23/2023  19:14:21  PAGE 3


  C:083CH         LINE#         62
  C:0847H         LINE#         63
  C:084EH         LINE#         64
  -------         ENDPROC       _DELAYNMS
  -------         PROC          FLASHLEDS
  C:084FH         LINE#         66
  C:084FH         LINE#         67
  C:084FH         LINE#         68
  C:0852H         LINE#         69
  C:0859H         LINE#         70
  C:085CH         LINE#         71
  -------         ENDPROC       FLASHLEDS
  -------         ENDMOD        TRST

******************************************************************************
* RESTRICTED VERSION WITH 0800H BYTE CODE SIZE LIMIT; USED: 005FH BYTE ( 4%) *
******************************************************************************

Program Size: data=10.0 xdata=0 code=110
LINK/LOCATE RUN COMPLETE.  0 WARNING(S),  0 ERROR(S)
