BL51 BANKED LINKER/LOCATER V6.22                                                        11/23/2023  15:59:41  PAGE 1


BL51 BANKED LINKER/LOCATER V6.22, INVOKED BY:
C:\C51\BIN\BL51.EXE Test2.obj TO 51KeilTest RAMSIZE (256)


MEMORY MODEL: SMALL


INPUT MODULES INCLUDED:
  Test2.obj (TEST2)
  C:\C51\LIB\C51S.LIB (?C_STARTUP)


LINK MAP OF MODULE:  51KeilTest (TEST2)


            TYPE    BASE      LENGTH    RELOCATION   SEGMENT NAME
            -----------------------------------------------------

            * * * * * * *   D A T A   M E M O R Y   * * * * * * *
            REG     0000H     0008H     ABSOLUTE     "REG BANK 0"
            IDATA   0008H     0001H     UNIT         ?STACK

            * * * * * * *   C O D E   M E M O R Y   * * * * * * *
            CODE    0000H     0003H     ABSOLUTE     
                    0003H     07FDH                  *** GAP ***
            CODE    0800H     0020H     UNIT         ?PR?_DELAYNMS?TEST2
            CODE    0820H     0014H     UNIT         ?PR?FORLED?TEST2
            CODE    0834H     0010H     UNIT         ?PR?MAIN?TEST2
            CODE    0844H     000CH     UNIT         ?C_C51STARTUP



OVERLAY MAP OF MODULE:   51KeilTest (TEST2)


SEGMENT
  +--> CALLED SEGMENT
---------------------
?C_C51STARTUP
  +--> ?PR?MAIN?TEST2

?PR?MAIN?TEST2
  +--> ?PR?FORLED?TEST2

?PR?FORLED?TEST2
  +--> ?PR?_DELAYNMS?TEST2



SYMBOL TABLE OF MODULE:  51KeilTest (TEST2)

  VALUE           TYPE          NAME
  ----------------------------------

  -------         MODULE        TEST2
  C:0000H         SYMBOL        _ICE_DUMMY_
  C:0820H         SYMBOL        ForLED
  D:0090H         PUBLIC        P1
BL51 BANKED LINKER/LOCATER V6.22                                                      11/23/2023  15:59:41  PAGE 2


  D:00A0H         PUBLIC        P2
  D:00B0H         PUBLIC        P3
  D:00A8H         PUBLIC        IE
  D:00B8H         PUBLIC        IP
  B:00B0H.4       PUBLIC        KEY3
  C:0800H         SYMBOL        _DelayNms
  C:0834H         PUBLIC        main
  D:0098H         PUBLIC        SCON
  D:0088H         PUBLIC        TCON
  D:00C8H         PUBLIC        T2CON
  D:00D0H         PUBLIC        PSW
  -------         PROC          MAIN
  C:0834H         LINE#         13
  C:0834H         LINE#         14
  C:0834H         LINE#         15
  C:0834H         LINE#         16
  C:0834H         LINE#         17
  C:0837H         LINE#         18
  C:0837H         LINE#         19
  C:0837H         LINE#         20
  C:0837H         LINE#         21
  C:083AH         LINE#         22
  C:083DH         LINE#         23
  C:083DH         LINE#         24
  C:083DH         LINE#         25
  C:083DH         LINE#         26
  C:0840H         LINE#         27
  C:0843H         LINE#         28
  C:0843H         LINE#         29
  -------         ENDPROC       MAIN
  -------         PROC          FORLED
  C:0820H         LINE#         41
  C:0820H         LINE#         42
  C:0820H         LINE#         43
  C:0823H         LINE#         44
  C:082AH         LINE#         45
  C:082DH         LINE#         46
  -------         ENDPROC       FORLED
  -------         PROC          _DELAYNMS
  D:0006H         SYMBOL        nms
  -------         DO            
  D:0004H         SYMBOL        i
  D:0002H         SYMBOL        j
  -------         ENDDO         
  C:0800H         LINE#         49
  C:0800H         LINE#         50
  C:0800H         LINE#         52
  C:080AH         LINE#         53
  C:080AH         LINE#         54
  C:080DH         LINE#         55
  C:080DH         LINE#         56
  C:0818H         LINE#         57
  C:081FH         LINE#         58
  -------         ENDPROC       _DELAYNMS
  -------         ENDMOD        TEST2

******************************************************************************
BL51 BANKED LINKER/LOCATER V6.22                                                      11/23/2023  15:59:41  PAGE 3


* RESTRICTED VERSION WITH 0800H BYTE CODE SIZE LIMIT; USED: 0044H BYTE ( 3%) *
******************************************************************************

Program Size: data=9.0 xdata=0 code=83
LINK/LOCATE RUN COMPLETE.  0 WARNING(S),  0 ERROR(S)
